// Jest Snapshot v1, https://goo.gl/fbAQLP

exports[`/counter should match snapshot 1`] = `
<div
  class="container"
>
  <p
    class="text"
  >
    Page data: 0
  </p>
   
  <div
    class="buttons-wrapper"
  >
    <!---->
     
    <!---->
  </div>
   
  <div>
    <nuxt-link
      exact=""
      to="/"
    >
      Home
    </nuxt-link>
  </div>
</div>
`;
