// Jest Snapshot v1, https://goo.gl/fbAQLP

exports[`ButtonCounter should match snapshot 1`] = `
<button
  class="test"
>
  Button data: 0
</button>
`;
